// Jest Snapshot v1, https://goo.gl/fbAQLP

exports[`FieldInput item match Snapshot 1`] = `ShallowWrapper {}`;
