// Jest Snapshot v1, https://goo.gl/fbAQLP

exports[`WordListItem markup match snapshoot 1`] = `ShallowWrapper {}`;
