// Jest Snapshot v1, https://goo.gl/fbAQLP

exports[`test form match Snapshot 1`] = `ReactWrapper {}`;
